curl 'https://example.com/endpoint?param1=value1&param2=value2' \
   -X POST \
   -H 'Content-Type: appication/json' \
   -d '{"prop1":"val1","prop2":42}'