curl 'https://example.com/endpoint?param1=value1&param2=value2'